./susuwu/FishSim.java:101: error: package javafx.animation does not exist
import javafx.animation.Animation;
                       ^
./susuwu/FishSim.java:102: error: package javafx.animation does not exist
import javafx.animation.AnimationTimer;
                       ^
./susuwu/FishSim.java:103: error: package javafx.animation does not exist
import javafx.animation.KeyFrame;
                       ^
./susuwu/FishSim.java:104: error: package javafx.animation does not exist
import javafx.animation.Timeline;
                       ^
./susuwu/FishSim.java:105: error: package javafx.application does not exist
import javafx.application.Application;
                         ^
./susuwu/FishSim.java:106: error: package javafx.scene does not exist
import javafx.scene.Scene;
                   ^
./susuwu/FishSim.java:107: error: package javafx.scene.canvas does not exist
import javafx.scene.canvas.Canvas;
                          ^
./susuwu/FishSim.java:108: error: package javafx.scene.canvas does not exist
import javafx.scene.canvas.GraphicsContext;
                          ^
./susuwu/FishSim.java:109: error: package javafx.scene.layout does not exist
import javafx.scene.layout.Pane;
                          ^
./susuwu/FishSim.java:110: error: package javafx.scene.paint does not exist
import javafx.scene.paint.Color;
                         ^
./susuwu/FishSim.java:111: error: package javafx.stage does not exist
import javafx.stage.Stage;
                   ^
./susuwu/FishSim.java:112: error: package javafx.util does not exist
import javafx.util.Duration;
                  ^
./susuwu/FishSim.java:126: error: cannot find symbol
public class FishSim extends Application {
                             ^
  symbol: class Application
./susuwu/FishSim.java:184: error: cannot find symbol
	private Pane root = new Pane();
	        ^
  symbol:   class Pane
  location: class FishSim
./susuwu/FishSim.java:185: error: cannot find symbol
	private Canvas canvas = new Canvas(resolution[0], resolution[1]);
	        ^
  symbol:   class Canvas
  location: class FishSim
./susuwu/FishSim.java:186: error: cannot find symbol
	private GraphicsContext gc = canvas.getGraphicsContext2D();
	        ^
  symbol:   class GraphicsContext
  location: class FishSim
./susuwu/FishSim.java:187: error: cannot find symbol
	private Stage stage;
	        ^
  symbol:   class Stage
  location: class FishSim
./susuwu/SimUsages.java:9: error: package javafx.application does not exist
import javafx.application.Platform; /* `Platform.runLater(...)` */
                         ^
./susuwu/SimUsages.java:10: error: package javafx.scene.layout does not exist
import javafx.scene.layout.Pane; /* `Pane pane` */
                          ^
./susuwu/SimUsages.java:11: error: package javafx.scene.paint does not exist
import javafx.scene.paint.Color; /* `Color.WHITE` */
                         ^
./susuwu/SimUsages.java:12: error: package javafx.scene.text does not exist
import javafx.scene.text.Text; /* `Text fpsText` */
                        ^
./susuwu/FishSim.java:198: error: cannot find symbol
	public void start(Stage primaryStage) {
	                  ^
  symbol:   class Stage
  location: class FishSim
./susuwu/SimUsages.java:37: error: cannot find symbol
	private Pane root;
	        ^
  symbol:   class Pane
  location: class SimUsages
./susuwu/SimUsages.java:38: error: cannot find symbol
	public SimUsages(Pane pane) {
	                 ^
  symbol:   class Pane
  location: class SimUsages
./susuwu/SimUsages.java:55: error: cannot find symbol
	private Text fpsText = new Text("0 FPS");
	        ^
  symbol:   class Text
  location: class SimUsages
./susuwu/FishSim.java:361: error: cannot find symbol
		private Color color;
		        ^
  symbol:   class Color
  location: class FishSim.Fish
./susuwu/FishSim.java:365: error: cannot find symbol
		public Fish(double[] pos, double[] dpos, Color color) {
		                                         ^
  symbol:   class Color
  location: class FishSim.Fish
./susuwu/FishSim.java:529: error: cannot find symbol
		public synchronized void render(GraphicsContext gc) {
		                                ^
  symbol:   class GraphicsContext
  location: class FishSim.Fish
./susuwu/FishSim.java:184: error: cannot find symbol
	private Pane root = new Pane();
	                        ^
  symbol:   class Pane
  location: class FishSim
./susuwu/FishSim.java:185: error: cannot find symbol
	private Canvas canvas = new Canvas(resolution[0], resolution[1]);
	                            ^
  symbol:   class Canvas
  location: class FishSim
./susuwu/FishSim.java:194: error: cannot find symbol
		launch(args);
		^
  symbol:   method launch(String[])
  location: class FishSim
./susuwu/FishSim.java:197: error: method does not override or implement a method from a supertype
	@Override
	^
./susuwu/FishSim.java:203: error: cannot find symbol
			fishList.add(new Fish(pos, dpos, Color.color(random.nextDouble(), random.nextDouble(), random.nextDouble())));
			                                 ^
  symbol:   variable Color
  location: class FishSim
./susuwu/FishSim.java:208: error: cannot find symbol
		Scene scene = new Scene(root, resolution[0], resolution[1], Color.LIGHTBLUE);
		^
  symbol:   class Scene
  location: class FishSim
./susuwu/FishSim.java:208: error: cannot find symbol
		Scene scene = new Scene(root, resolution[0], resolution[1], Color.LIGHTBLUE);
		                  ^
  symbol:   class Scene
  location: class FishSim
./susuwu/FishSim.java:208: error: cannot find symbol
		Scene scene = new Scene(root, resolution[0], resolution[1], Color.LIGHTBLUE);
		                                                            ^
  symbol:   variable Color
  location: class FishSim
./susuwu/FishSim.java:227: error: cannot find symbol
			new AnimationTimer() {
			    ^
  symbol:   class AnimationTimer
  location: class FishSim
./susuwu/FishSim.java:228: error: method does not override or implement a method from a supertype
				@Override
				^
./susuwu/FishSim.java:233: error: cannot find symbol
			Timeline timeline = new Timeline(
			^
  symbol:   class Timeline
  location: class FishSim
./susuwu/FishSim.java:233: error: cannot find symbol
			Timeline timeline = new Timeline(
			                        ^
  symbol:   class Timeline
  location: class FishSim
./susuwu/FishSim.java:234: error: cannot find symbol
				new KeyFrame(Duration.millis(1000.0 / monitorRefreshHertz), event -> { refreshLoop(System.nanoTime()); })
				    ^
  symbol:   class KeyFrame
  location: class FishSim
./susuwu/FishSim.java:234: error: cannot find symbol
				new KeyFrame(Duration.millis(1000.0 / monitorRefreshHertz), event -> { refreshLoop(System.nanoTime()); })
				             ^
  symbol:   variable Duration
  location: class FishSim
./susuwu/FishSim.java:236: error: cannot find symbol
			timeline.setCycleCount(Animation.INDEFINITE);
			                       ^
  symbol:   variable Animation
  location: class FishSim
./susuwu/FishSim.java:244: error: cannot find symbol
			new AnimationTimer() {
			    ^
  symbol:   class AnimationTimer
  location: class FishSim
./susuwu/FishSim.java:245: error: method does not override or implement a method from a supertype
				@Override
				^
./susuwu/FishSim.java:250: error: cannot find symbol
			Timeline loopPerSecond = new Timeline(
			^
  symbol:   class Timeline
  location: class FishSim
./susuwu/FishSim.java:250: error: cannot find symbol
			Timeline loopPerSecond = new Timeline(
			                             ^
  symbol:   class Timeline
  location: class FishSim
./susuwu/FishSim.java:251: error: cannot find symbol
				new KeyFrame(Duration.millis(1000.0 / physicsRefreshHertz), event -> { updateFish(); })
				    ^
  symbol:   class KeyFrame
  location: class FishSim
./susuwu/FishSim.java:251: error: cannot find symbol
				new KeyFrame(Duration.millis(1000.0 / physicsRefreshHertz), event -> { updateFish(); })
				             ^
  symbol:   variable Duration
  location: class FishSim
./susuwu/FishSim.java:253: error: cannot find symbol
			loopPerSecond.setCycleCount(Animation.INDEFINITE);
			                            ^
  symbol:   variable Animation
  location: class FishSim
./susuwu/FishSim.java:342: error: method does not override or implement a method from a supertype
	@Override
	^
./susuwu/SimUsages.java:55: error: cannot find symbol
	private Text fpsText = new Text("0 FPS");
	                           ^
  symbol:   class Text
  location: class SimUsages
./susuwu/SimUsages.java:59: error: cannot find symbol
		fpsText.setFill(Color.WHITE);
		                ^
  symbol:   variable Color
  location: class SimUsages
./susuwu/SimUsages.java:81: error: cannot find symbol
			Platform.runLater(() -> fpsTextRefresh(fishShown, fishListSize));
			^
  symbol:   variable Platform
  location: class SimUsages
Note: ./susuwu/FishSim.java uses unchecked or unsafe operations.
Note: Recompile with -Xlint:unchecked for details.
54 errors
